@startuml
title foobar

!include https://raw.githubusercontent.com/plantuml-stdlib/C4-PlantUML/master/C4_Container.puml


Person(user1, "user1")
Person(user2, "user2")
System(b, "b")
System(c, "c")
System(d, "d")
System(events, "events")
ContainerDb(db, "db")
System(external, "external")    
Rel_D(user1, b, " ") 
Rel_D(user1, events, " ") 
Rel_D(b, c, " ") 
Rel_D(b, db, " ") 
Rel_D(c, external, " ") 
Rel_D(user2, d, " ") 
Rel_D(d, events, " ")     
@enduml