@startuml
title foobar

!include https://raw.githubusercontent.com/plantuml-stdlib/C4-PlantUML/master/C4_Container.puml


Container(user1, "user1")
Container(user2, "user2")
Container(b, "b")
Container(c, "c")
Container(d, "d")
Container(events, "events")
ContainerDb(db, "db")
Container(external, "external")    
Rel_D(user1, b, "1. init 1 req")
Rel_D(user1, events, "2. event a")
Rel_D(b, c, "3. b-to-c req")
Rel_D(b, db, "4. bidi-b req-resp")
Rel_D(c, external, "5. c-to-external req")
Rel_D(user2, d, "2. init 2 req")
Rel_D(d, events, "3. event d")    
@enduml